%!Adobe-FontList 1.24
%Locale:0x409

%BeginFont
Handler:DirectoryHandler
FontType:Invalid
OutlineFileName:/Users/karen/Documents/projekte/BUNDESKUNSTPREIS/250225_BPK_WebsiteOrdner/Document fonts/AdobeFnt24.lst
FileLength:1517
FileModTime:764890394
%EndFont

%BeginFont
Handler:DirectoryHandler
FontType:Type1
FontName:Cursor-Apple
FamilyName:Cursor
StyleName:Apple
MenuName:Cursor Apple
StyleBits:0
WeightClass:400
WidthClass:5
AngleClass:0
FullName:Cursor Apple
WritingScript:Roman
OutlineFileName:/Users/karen/Documents/projekte/BUNDESKUNSTPREIS/250225_BPK_WebsiteOrdner/Document fonts/Cursor-Apple.otf
DataFormat:sfntData
UsesStandardEncoding:yes
isCFF:yes
hasSVG:yes
hasSBIX:no
hasCOLR:yes
VariableFontType:NonVariableFont
FileLength:75744
FileModTime:760799613
NameArray:0,Mac,4,Cursor Apple
NameArray:0,Win,1,Cursor Apple
NameArray:0,Win,16,Cursor
%EndFont

%BeginFont
Handler:DirectoryHandler
FontType:TrueType
FontName:SeasonVFTRIAL-SansLight
FamilyName:Season VF TRIAL
StyleName:Sans Light
MenuName:Season VF TRIAL Sans Light
FamilyPrefix:SeasonVFTRIAL
StyleBits:0
WeightClass:300
WidthClass:5
AngleClass:0
FullName:Season VF TRIAL Sans Light
WritingScript:Roman
OutlineFileName:/Users/karen/Documents/projekte/BUNDESKUNSTPREIS/250225_BPK_WebsiteOrdner/Document fonts/SeasonVFTRIALVF.ttf
DataFormat:sfntData
hasSVG:no
hasSBIX:no
hasCOLR:no
VariableFontType:TrueTypeVariableFont
FileLength:469664
FileModTime:751397730
NameArray:0,Win,1,Season VF TRIAL Sans Light
NameArray:0,Win,16,Season VF TRIAL
%EndFont

